Alice Private: 21203956699301561388789677850388409917654083808627996033702269952820952390850
Alice Public:  (83522322858677044193209548951559971547901773607226768499865726866485514122725, 89436361518722549813752980965243326585295244934134078538787437186267734522872)
Bob Private:   5042866233597326608986018598521799921837034595743037586587961728640912437797
Bob Public:    (9069065979884650192601539924774013827145241243005999451565389094028118979459, 809441091503825014693988360577609088974612247987542764677316216826618090653)
Shared Point:  (35489860559263733373553217626417149682447752510673138627797746029454286443823, 57174360007093841152008089853950551009192393500817992280313488988850961499871)
AES Key:       32341932c57b4848a848a8a9466de538e900285e35da89041b55a088810fb903
Decrypted:     b'Top secret from Alice to Bob'
Signature valid? True
